   Compiling proc-macro2 v1.0.107
   Compiling unicode-ident v1.0.26
   Compiling quote v1.0.47
   Compiling syn v3.0.6
   Compiling synstructure v0.14.0
   Compiling zerofrom-derive v0.1.8
   Compiling zerofrom v0.1.8
   Compiling yoke-derive v0.8.4
   Compiling stable_deref_trait v1.2.1
   Compiling yoke v0.8.3
   Compiling zerovec-derive v0.11.6
   Compiling zerovec v0.11.8
   Compiling displaydoc v0.2.7
   Compiling khronos_api v3.1.0
   Compiling smallvec v1.16.2
   Compiling cfg-if v1.0.5
   Compiling windows-link v0.2.1
   Compiling cfg_aliases v0.2.2
   Compiling tinystr v0.8.4
   Compiling xml-rs v0.8.29
   Compiling log v0.4.34
   Compiling litemap v0.8.3
   Compiling windows_x86_64_gnu v0.52.6
   Compiling autocfg v1.5.1
   Compiling writeable v0.6.4
   Compiling icu_locale_core v2.3.0
   Compiling gl_generator v0.14.0
   Compiling zerotrie v0.2.5
   Compiling potential_utf v0.1.6
   Compiling bytemuck_derive v1.12.1
   Compiling icu_normalizer_data v2.3.0
   Compiling utf8_iter v1.0.4
   Compiling icu_properties_data v2.3.0
   Compiling icu_collections v2.3.0
   Compiling bytemuck v1.25.2
   Compiling icu_provider v2.3.1
   Compiling zerocopy v0.8.62
   Compiling version_check v0.9.5
   Compiling once_cell v1.21.4
   Compiling parking_lot_core v0.9.12
   Compiling ahash v0.8.12
   Compiling windows-targets v0.52.6
   Compiling bitflags v2.13.2
   Compiling simd-adler32 v0.3.10
   Compiling windows_x86_64_gnu v0.53.1
   Compiling scopeguard v1.2.0
   Compiling ttf-parser v0.25.1
   Compiling owned_ttf_parser v0.25.1
   Compiling lock_api v0.4.14
   Compiling icu_properties v2.3.0
   Compiling icu_normalizer v2.3.0
   Compiling windows-sys v0.52.0
   Compiling emath v0.29.1
   Compiling crc32fast v1.5.2
   Compiling adler2 v2.0.1
   Compiling ab_glyph_rasterizer v0.1.10
   Compiling crossbeam-utils v0.8.23
   Compiling ab_glyph v0.2.32
   Compiling ecolor v0.29.1
   Compiling parking_lot v0.12.5
   Compiling idna_adapter v1.2.2
   Compiling glutin_egl_sys v0.7.1
   Compiling glutin_wgl_sys v0.6.1
   Compiling num-traits v0.2.19
   Compiling winit v0.30.13
   Compiling raw-window-handle v0.6.2
   Compiling tracing-core v0.1.36
   Compiling pin-project-lite v0.2.17
   Compiling crossbeam-epoch v0.9.21
   Compiling epaint_default_fonts v0.29.1
   Compiling nohash-hasher v0.2.0
   Compiling percent-encoding v2.3.2
   Compiling form_urlencoded v1.2.2
   Compiling epaint v0.29.1
   Compiling tracing v0.1.44
   Compiling windows-targets v0.53.5
   Compiling idna v1.1.0
   Compiling miniz_oxide v0.9.1
   Compiling memoffset v0.9.1
   Compiling glutin v0.32.3
   Compiling winapi-x86_64-pc-windows-gnu v0.4.0
   Compiling smol_str v0.2.2
   Compiling unicode-segmentation v1.13.3
   Compiling serde_core v1.0.229
   Compiling memchr v2.8.3
   Compiling cursor-icon v1.2.0
   Compiling error-code v3.4.0
   Compiling dpi v0.1.2
   Compiling crossbeam-deque v0.8.8
   Compiling clipboard-win v5.4.1
   Compiling flate2 v1.1.10
   Compiling url v2.5.8
   Compiling windows-sys v0.60.2
   Compiling egui v0.29.1
   Compiling miniz_oxide v0.8.9
   Compiling fdeflate v0.3.7
   Compiling glutin-winit v0.5.0
   Compiling libloading v0.8.9
   Compiling zmij v1.0.23
   Compiling pxfm v0.1.30
   Compiling rayon-core v1.13.0
   Compiling winapi v0.3.9
   Compiling moxcms v0.8.1
   Compiling png v0.18.1
   Compiling arboard v3.6.1
   Compiling webbrowser v1.2.4
   Compiling aho-corasick v1.1.5
   Compiling byteorder-lite v0.1.0
   Compiling web-time v1.1.0
   Compiling serde v1.0.229
   Compiling litrs v1.0.0
   Compiling regex-syntax v0.8.11
   Compiling serde_json v1.0.151
   Compiling glow v0.14.2
   Compiling egui_glow v0.29.1
   Compiling regex-automata v0.4.18
   Compiling document-features v0.2.12
   Compiling egui-winit v0.29.1
   Compiling image v0.25.10
   Compiling serde_derive v1.0.229
   Compiling either v1.19.0
   Compiling itoa v1.0.18
   Compiling static_assertions v1.1.0
   Compiling eframe v0.29.1
   Compiling rayon v1.12.0
   Compiling regex v1.13.1
   Compiling windows-sys v0.61.2
   Compiling memmap2 v0.9.11
   Compiling fsearch v0.1.2 (/tmp/arena/tenants/4060efcb-44b9-4983-a57a-32cffb3d01e6/sessions/64b501a3-8954-49e0-a4af-70856de68539/workspace/fsearch-win)
    Finished `release` profile [optimized] target(s) in 3m 01s
